.venv\Scripts\python.exe 
: C:\Users\utente\Desktop\
Unibs\Unibs\Progetti\Mujoc
oLLM\.venv\Scripts\python.
exe: No module named 
pytest
In riga:1 car:1
+ 
.venv\Scripts\python.exe 
-m pytest tests/ -v 
--no-header --timeout=12 
...
+ ~~~~~~~~~~~~~~~~~~~~~~~~
~~~~~~~~~~~~~~~~~~~~~~~~~~
~~~~~~~~~~~~~~~~~~~
    + CategoryInfo        
      : NotSpecified: (C  
  :\Users\utente...le n   
 amed pytest:String) [    
], RemoteException
    + FullyQualifiedError 
   Id : NativeCommandErr  
  or
 
